../Core/Src/main.c:82:5:main	16	static
../Core/Src/main.c:202:6:SystemClock_Config	88	static
../Core/Src/main.c:244:13:MX_CAN1_Init	8	static
../Core/Src/main.c:281:13:MX_CAN2_Init	8	static
../Core/Src/main.c:318:13:MX_GPIO_Init	48	static
../Core/Src/main.c:368:6:lcd_init	8	static
../Core/Src/main.c:378:6:cmd	16	static
../Core/Src/main.c:395:6:data	16	static
../Core/Src/main.c:412:6:display	16	static
../Core/Src/main.c:421:6:Time	16	static
../Core/Src/main.c:432:6:Error_Handler	4	static,ignoring_inline_asm
