../Core/Src/main.c:81:5:main	8	static
../Core/Src/main.c:228:6:SystemClock_Config	88	static
../Core/Src/main.c:270:13:MX_ADC1_Init	24	static
../Core/Src/main.c:322:13:MX_CAN1_Init	8	static
../Core/Src/main.c:359:13:MX_CAN2_Init	8	static
../Core/Src/main.c:396:13:MX_GPIO_Init	48	static
../Core/Src/main.c:455:6:lcd_init	8	static
../Core/Src/main.c:465:6:cmd	16	static
../Core/Src/main.c:482:6:data	16	static
../Core/Src/main.c:499:6:display	16	static
../Core/Src/main.c:508:6:numeric	16	static
../Core/Src/main.c:520:6:Error_Handler	4	static,ignoring_inline_asm
