../Core/Src/main.c:89:5:main	8	static
../Core/Src/main.c:243:6:SystemClock_Config	88	static
../Core/Src/main.c:285:13:MX_ADC1_Init	24	static
../Core/Src/main.c:337:13:MX_CAN1_Init	8	static
../Core/Src/main.c:374:13:MX_CAN2_Init	8	static
../Core/Src/main.c:411:13:MX_TIM6_Init	16	static
../Core/Src/main.c:449:13:MX_GPIO_Init	48	static
../Core/Src/main.c:514:6:HAL_TIM_PeriodElapsedCallback	16	static
../Core/Src/main.c:528:13:adc_scan	8	static
../Core/Src/main.c:543:6:engine	8	static
../Core/Src/main.c:560:6:seat_belt	8	static
../Core/Src/main.c:573:6:airbag	8	static
../Core/Src/main.c:596:6:lcd_init	8	static
../Core/Src/main.c:606:6:cmd	16	static
../Core/Src/main.c:623:6:data	16	static
../Core/Src/main.c:640:6:display	16	static
../Core/Src/main.c:649:6:numeric	16	static
../Core/Src/main.c:661:6:Error_Handler	4	static,ignoring_inline_asm
