14:34:35 **** Build of configuration Debug for project Level1 ****
make -j16 all 
arm-none-eabi-gcc "../Core/Src/main.c" -mcpu=cortex-m4 -std=gnu11 -g3 -DDEBUG -DUSE_HAL_DRIVER -DSTM32F405xx -c -I../Core/Inc -I../Drivers/STM32F4xx_HAL_Driver/Inc -I../Drivers/STM32F4xx_HAL_Driver/Inc/Legacy -I../Drivers/CMSIS/Device/ST/STM32F4xx/Include -I../Drivers/CMSIS/Include -O0 -ffunction-sections -fdata-sections -Wall -fstack-usage -fcyclomatic-complexity -MMD -MP -MF"Core/Src/main.d" -MT"Core/Src/main.o" --specs=nano.specs -mfpu=fpv4-sp-d16 -mfloat-abi=hard -mthumb -o "Core/Src/main.o"
arm-none-eabi-gcc -o "Level1.elf" @"objects.list"   -mcpu=cortex-m4 -T"D:\1. HCLTech\Capstone Project\Level1\STM32F405RGTX_FLASH.ld" --specs=nosys.specs -Wl,-Map="Level1.map" -Wl,--gc-sections -static --specs=nano.specs -mfpu=fpv4-sp-d16 -mfloat-abi=hard -mthumb -Wl,--start-group -lc -lm -Wl,--end-group
Finished building target: Level1.elf
 
arm-none-eabi-size  Level1.elf 
arm-none-eabi-objdump -h -S Level1.elf  > "Level1.list"
   text	   data	    bss	    dec	    hex	filename
   7984	     20	   1724	   9728	   2600	Level1.elf
Finished building: default.size.stdout
 
Finished building: Level1.list
 

14:34:37 Build Finished. 0 errors, 0 warnings. (took 1s.736ms)

