23:32:52 **** Incremental Build of configuration Debug for project Level4 ****
make -j16 all 
arm-none-eabi-gcc "../Core/Src/main.c" -mcpu=cortex-m4 -std=gnu11 -g3 -DDEBUG -DUSE_HAL_DRIVER -DSTM32F405xx -c -I../Core/Inc -I../Drivers/STM32F4xx_HAL_Driver/Inc -I../Drivers/STM32F4xx_HAL_Driver/Inc/Legacy -I../Drivers/CMSIS/Device/ST/STM32F4xx/Include -I../Drivers/CMSIS/Include -O0 -ffunction-sections -fdata-sections -Wall -fstack-usage -fcyclomatic-complexity -MMD -MP -MF"Core/Src/main.d" -MT"Core/Src/main.o" --specs=nano.specs -mfpu=fpv4-sp-d16 -mfloat-abi=hard -mthumb -o "Core/Src/main.o"
arm-none-eabi-gcc -o "Level4.elf" @"objects.list"   -mcpu=cortex-m4 -T"D:\1. HCLTech\Capstone Project\Level4\STM32F405RGTX_FLASH.ld" --specs=nosys.specs -Wl,-Map="Level4.map" -Wl,--gc-sections -static --specs=nano.specs -mfpu=fpv4-sp-d16 -mfloat-abi=hard -mthumb -Wl,--start-group -lc -lm -Wl,--end-group
Finished building target: Level4.elf
 
arm-none-eabi-size  Level4.elf 
arm-none-eabi-objdump -h -S Level4.elf  > "Level4.list"
   text	   data	    bss	    dec	    hex	filename
   9456	     24	   1832	  11312	   2c30	Level4.elf
Finished building: default.size.stdout
 
Finished building: Level4.list
 

23:32:53 Build Finished. 0 errors, 0 warnings. (took 594ms)

