22:51:50 **** Incremental Build of configuration Debug for project Level1_Filter_config ****
make -j16 all 
arm-none-eabi-gcc "../Core/Src/can.c" -mcpu=cortex-m4 -std=gnu11 -g3 -DDEBUG -DUSE_HAL_DRIVER -DSTM32F405xx -c -I../Core/Inc -I../Drivers/STM32F4xx_HAL_Driver/Inc -I../Drivers/STM32F4xx_HAL_Driver/Inc/Legacy -I../Drivers/CMSIS/Device/ST/STM32F4xx/Include -I../Drivers/CMSIS/Include -O0 -ffunction-sections -fdata-sections -Wall -fstack-usage -fcyclomatic-complexity -MMD -MP -MF"Core/Src/can.d" -MT"Core/Src/can.o" --specs=nano.specs -mfpu=fpv4-sp-d16 -mfloat-abi=hard -mthumb -o "Core/Src/can.o"
arm-none-eabi-gcc -o "Level1_Filter_config.elf" @"objects.list"   -mcpu=cortex-m4 -T"D:\1. HCLTech\Capstone Project\Level1_Filter_config\STM32F405RGTX_FLASH.ld" --specs=nosys.specs -Wl,-Map="Level1_Filter_config.map" -Wl,--gc-sections -static --specs=nano.specs -mfpu=fpv4-sp-d16 -mfloat-abi=hard -mthumb -Wl,--start-group -lc -lm -Wl,--end-group
Finished building target: Level1_Filter_config.elf
 
arm-none-eabi-size  Level1_Filter_config.elf 
arm-none-eabi-objdump -h -S Level1_Filter_config.elf  > "Level1_Filter_config.list"
   text	   data	    bss	    dec	    hex	filename
   9368	     16	   1768	  11152	   2b90	Level1_Filter_config.elf
Finished building: default.size.stdout
 
Finished building: Level1_Filter_config.list
 

22:51:51 Build Finished. 0 errors, 0 warnings. (took 609ms)

