../Core/Src/main.c:76:5:main	16	static
../Core/Src/main.c:177:6:SystemClock_Config	88	static
../Core/Src/main.c:219:13:MX_CAN1_Init	8	static
../Core/Src/main.c:256:13:MX_CAN2_Init	8	static
../Core/Src/main.c:293:13:MX_GPIO_Init	48	static
../Core/Src/main.c:350:6:lcd_init	8	static
../Core/Src/main.c:360:6:cmd	16	static
../Core/Src/main.c:377:6:data	16	static
../Core/Src/main.c:394:6:display	16	static
../Core/Src/main.c:402:6:Time	16	static
../Core/Src/main.c:413:6:Error_Handler	4	static,ignoring_inline_asm
